<?xml version='1.0' encoding='UTF-8'?>
<caom2:Observation xmlns:caom2="http://www.opencadc.org/caom2/xml/v2.4" xmlns:xsi="http://www.w3.org/2001/XMLSchema-instance" xsi:type="caom2:SimpleObservation" caom2:id="20108190-dbae-4fde-80e6-d6e704c81ee7">
  <caom2:collection>PHANGS</caom2:collection>
  <caom2:observationID>PHANGS-ALMA_derived</caom2:observationID>
  <caom2:metaRelease>2020-09-13T13:56:26.233</caom2:metaRelease>
  <caom2:algorithm>
    <caom2:name>exposure</caom2:name>
  </caom2:algorithm>
  <caom2:intent>science</caom2:intent>
  <caom2:telescope>
    <caom2:name>ALMA</caom2:name>
    <caom2:geoLocationX>2225015.30883296</caom2:geoLocationX>
    <caom2:geoLocationY>-5440016.41799762</caom2:geoLocationY>
    <caom2:geoLocationZ>-2481631.27428014</caom2:geoLocationZ>
  </caom2:telescope>
  <caom2:instrument>
    <caom2:name>ALMA</caom2:name>
  </caom2:instrument>
  <caom2:planes>
    <caom2:plane caom2:id="17bf1085-85b7-4aaa-bdec-04296c4f1338">
      <caom2:productID>image_intensity_map</caom2:productID>
      <caom2:metaRelease>2020-09-13T13:56:26.233</caom2:metaRelease>
      <caom2:dataRelease>2020-09-13T13:56:26.233</caom2:dataRelease>
      <caom2:dataProductType>measurements</caom2:dataProductType>
      <caom2:calibrationLevel>4</caom2:calibrationLevel>
      <caom2:provenance>
        <caom2:name>CASA 5.6.1-8</caom2:name>
        <caom2:lastExecuted>2020-09-13T13:56:26.233</caom2:lastExecuted>
      </caom2:provenance>
      <caom2:artifacts>
        <caom2:artifact caom2:id="bf0d89a9-b40e-4957-99f8-2e7cb89696c3">
          <caom2:uri>ad:PHANGS/PHANGS-ALMA_derived.fits</caom2:uri>
          <caom2:productType>science</caom2:productType>
          <caom2:releaseType>data</caom2:releaseType>
          <caom2:contentType>application/fits</caom2:contentType>
          <caom2:parts>
            <caom2:part caom2:id="df491009-2cd5-4b6f-ae63-3e4d6fc8461e">
              <caom2:name>0</caom2:name>
              <caom2:chunks>
                <caom2:chunk caom2:id="4c270e4f-0a48-4ad5-b36f-215872f18dda">
                  <caom2:naxis>2</caom2:naxis>
                  <caom2:positionAxis1>1</caom2:positionAxis1>
                  <caom2:positionAxis2>2</caom2:positionAxis2>
                  <caom2:position>
                    <caom2:axis>
                      <caom2:axis1>
                        <caom2:ctype>RA---SIN</caom2:ctype>
                        <caom2:cunit>deg</caom2:cunit>
                      </caom2:axis1>
                      <caom2:axis2>
                        <caom2:ctype>DEC--SIN</caom2:ctype>
                        <caom2:cunit>deg</caom2:cunit>
                      </caom2:axis2>
                      <caom2:function>
                        <caom2:dimension>
                          <caom2:naxis1>323</caom2:naxis1>
                          <caom2:naxis2>321</caom2:naxis2>
                        </caom2:dimension>
                        <caom2:refCoord>
                          <caom2:coord1>
                            <caom2:pix>159.5</caom2:pix>
                            <caom2:val>204.2536990546</caom2:val>
                          </caom2:coord1>
                          <caom2:coord2>
                            <caom2:pix>162.75</caom2:pix>
                            <caom2:val>-29.86624016321</caom2:val>
                          </caom2:coord2>
                        </caom2:refCoord>
                        <caom2:cd11>-0.0005555555555556</caom2:cd11>
                        <caom2:cd12>0.0</caom2:cd12>
                        <caom2:cd21>0.0</caom2:cd21>
                        <caom2:cd22>0.0005555555555556</caom2:cd22>
                      </caom2:function>
                    </caom2:axis>
                    <caom2:coordsys>FK5</caom2:coordsys>
                    <caom2:equinox>2000.0</caom2:equinox>
                    <caom2:resolution>8.3926272906072</caom2:resolution>
                  </caom2:position>
                </caom2:chunk>
              </caom2:chunks>
            </caom2:part>
          </caom2:parts>
        </caom2:artifact>
      </caom2:artifacts>
    </caom2:plane>
  </caom2:planes>
</caom2:Observation>
