<?xml version='1.0' encoding='UTF-8'?>
<caom2:Observation xmlns:caom2="http://www.opencadc.org/caom2/xml/v2.4" xmlns:xsi="http://www.w3.org/2001/XMLSchema-instance" xsi:type="caom2:SimpleObservation" caom2:id="d8a93655-f76d-4387-9c26-3bc310955dbb">
  <caom2:collection>PHANGS</caom2:collection>
  <caom2:observationID>PHANGS-ALMA</caom2:observationID>
  <caom2:metaRelease>2020-09-25T05:18:36.595</caom2:metaRelease>
  <caom2:algorithm>
    <caom2:name>exposure</caom2:name>
  </caom2:algorithm>
  <caom2:intent>science</caom2:intent>
  <caom2:telescope>
    <caom2:name>ALMA</caom2:name>
    <caom2:geoLocationX>2225015.30883296</caom2:geoLocationX>
    <caom2:geoLocationY>-5440016.41799762</caom2:geoLocationY>
    <caom2:geoLocationZ>-2481631.27428014</caom2:geoLocationZ>
  </caom2:telescope>
  <caom2:instrument>
    <caom2:name>ALMA</caom2:name>
  </caom2:instrument>
  <caom2:planes>
    <caom2:plane caom2:id="cd61d169-fa94-4646-bcf8-36ca17f422e1">
      <caom2:productID>spectral_line_data_cube</caom2:productID>
      <caom2:metaRelease>2020-09-25T05:18:36.595</caom2:metaRelease>
      <caom2:dataRelease>2020-09-25T05:18:36.595</caom2:dataRelease>
      <caom2:dataProductType>cube</caom2:dataProductType>
      <caom2:calibrationLevel>3</caom2:calibrationLevel>
      <caom2:provenance>
        <caom2:name>CASA 5.6.1-8</caom2:name>
        <caom2:lastExecuted>2020-09-25T05:18:36.595</caom2:lastExecuted>
      </caom2:provenance>
      <caom2:artifacts>
        <caom2:artifact caom2:id="1e8bb9a8-7eb2-4095-a754-30e59bb63768">
          <caom2:uri>ad:PHANGS/PHANGS-ALMA.fits</caom2:uri>
          <caom2:productType>science</caom2:productType>
          <caom2:releaseType>data</caom2:releaseType>
          <caom2:contentType>application/fits</caom2:contentType>
          <caom2:parts>
            <caom2:part caom2:id="eb042699-d832-44cc-b484-32f4338eb67b">
              <caom2:name>0</caom2:name>
              <caom2:chunks>
                <caom2:chunk caom2:id="b2175817-e06c-4b3b-a9d2-d1162eda688e">
                  <caom2:naxis>3</caom2:naxis>
                  <caom2:positionAxis1>1</caom2:positionAxis1>
                  <caom2:positionAxis2>2</caom2:positionAxis2>
                  <caom2:energyAxis>3</caom2:energyAxis>
                  <caom2:position>
                    <caom2:axis>
                      <caom2:axis1>
                        <caom2:ctype>RA---SIN</caom2:ctype>
                        <caom2:cunit>deg</caom2:cunit>
                      </caom2:axis1>
                      <caom2:axis2>
                        <caom2:ctype>DEC--SIN</caom2:ctype>
                        <caom2:cunit>deg</caom2:cunit>
                      </caom2:axis2>
                      <caom2:function>
                        <caom2:dimension>
                          <caom2:naxis1>322</caom2:naxis1>
                          <caom2:naxis2>320</caom2:naxis2>
                        </caom2:dimension>
                        <caom2:refCoord>
                          <caom2:coord1>
                            <caom2:pix>159.0</caom2:pix>
                            <caom2:val>204.2536990546</caom2:val>
                          </caom2:coord1>
                          <caom2:coord2>
                            <caom2:pix>162.25</caom2:pix>
                            <caom2:val>-29.86624016321</caom2:val>
                          </caom2:coord2>
                        </caom2:refCoord>
                        <caom2:cd11>-0.0005555555555556</caom2:cd11>
                        <caom2:cd12>0.0</caom2:cd12>
                        <caom2:cd21>0.0</caom2:cd21>
                        <caom2:cd22>0.0005555555555556</caom2:cd22>
                      </caom2:function>
                    </caom2:axis>
                    <caom2:coordsys>FK5</caom2:coordsys>
                    <caom2:equinox>2000.0</caom2:equinox>
                    <caom2:resolution>8.3926272906072</caom2:resolution>
                  </caom2:position>
                  <caom2:energy>
                    <caom2:axis>
                      <caom2:axis>
                        <caom2:ctype>VRAD</caom2:ctype>
                        <caom2:cunit>m / s</caom2:cunit>
                      </caom2:axis>
                      <caom2:function>
                        <caom2:naxis>196</caom2:naxis>
                        <caom2:delta>2540.612840052</caom2:delta>
                        <caom2:refCoord>
                          <caom2:pix>98.5</caom2:pix>
                          <caom2:val>513773.9998265</caom2:val>
                        </caom2:refCoord>
                      </caom2:function>
                    </caom2:axis>
                    <caom2:specsys>LSRK</caom2:specsys>
                    <caom2:restfrq>230538000000.0</caom2:restfrq>
                  </caom2:energy>
                </caom2:chunk>
              </caom2:chunks>
            </caom2:part>
          </caom2:parts>
        </caom2:artifact>
      </caom2:artifacts>
    </caom2:plane>
  </caom2:planes>
</caom2:Observation>
